
> habicht-swiss-volleyball@1.0.0 build
> next build

  Ôû▓ Next.js 14.2.35
  - Environments: .env.local, .env

   Creating an optimized production build ...
 Ô£ô Compiled successfully
   Linting and checking validity of types ...
node.exe : Failed to compile.
At line:1 char:1
+ & "C:\Program Files\nodejs/node.exe" "C:\Program Files\nodejs/node_mo ...
+ ~~~~~~~~~~~~~~~~~~~~~~~~~~~~~~~~~~~~~~~~~~~~~~~~~~~~~~~~~~~~~~~~~~~~~
    + CategoryInfo          : NotSpecified: (Failed to compile.:String) [], RemoteExcepti 
   on
    + FullyQualifiedErrorId : NativeCommandError
 

./app/api/players/[id]/videos/route.ts:54:9
Type error: Object literal may only specify known properties, and 'url' does not exist in 
type 'Without<VideoCreateInput, VideoUncheckedCreateInput> & VideoUncheckedCreateInput'.

[0m [90m 52 |[39m       data[33m:[39m {[0m
[0m [90m 53 |[39m         playerId[33m:[39m params[33m.[39mid[33m,[39m[0m
[0m[31m[1m>[22m[39m[90m 54 |[39m         url[33m,[39m[0m
[0m [90m    |[39m         [31m[1m^[22m[39m[0m
[0m [90m 55 |[39m         title[33m:[39m title [33m||[39m 
[32m''[39m[33m,[39m[0m
[0m [90m 56 |[39m         description[33m:[39m description [33m||[39m 
[32m''[39m[33m,[39m[0m
[0m [90m 57 |[39m         videoType[33m:[39m videoType [33m||[39m 
[32m'HIGHLIGHT'[39m[33m,[39m[0m
Next.js build worker exited with code: 1 and signal: null
